// Jest Snapshot v1, https://goo.gl/fbAQLP

exports[`should match snapshot 1`] = `
<button
  aria-label="next-button"
  className="btn btn-primary btn-lg"
  disabled={false}
  onClick={null}
  type="button"
>
  <span
    className="me-2"
  >
    Hello
  </span>
  <svg
    aria-hidden="true"
    className="svg-inline--fa fa-arrow-right "
    data-icon="arrow-right"
    data-prefix="fas"
    focusable="false"
    role="img"
    style={Object {}}
    viewBox="0 0 448 512"
    xmlns="http://www.w3.org/2000/svg"
  >
    <path
      d="M438.6 278.6c12.5-12.5 12.5-32.8 0-45.3l-160-160c-12.5-12.5-32.8-12.5-45.3 0s-12.5 32.8 0 45.3L338.8 224 32 224c-17.7 0-32 14.3-32 32s14.3 32 32 32l306.7 0L233.4 393.4c-12.5 12.5-12.5 32.8 0 45.3s32.8 12.5 45.3 0l160-160z"
      fill="currentColor"
      style={Object {}}
    />
  </svg>
</button>
`;
